載入鼓組音軌，偵測真實 onset...
   5.191s  best=drums err=   36.2ms  OK 
   5.441s  best=kick  err=   38.9ms  OK 
   5.824s  best=kick  err=  343.9ms  BAD
   6.168s  best=kick  err=  450.1ms  BAD
   6.616s  best=kick  err=    1.4ms  OK 
   7.011s  best=kick  err=  392.9ms  BAD
   7.251s  best=kick  err=  633.2ms  BAD
   7.645s  best=kick  err= 1027.5ms  BAD
   8.041s  best=kick  err= 1423.7ms  BAD
   8.438s  best=kick  err= 1820.3ms  BAD
   8.832s  best=kick  err= 2214.6ms  BAD
   9.197s  best=snare err= 2413.0ms  BAD
   9.482s  best=snare err= 2127.7ms  BAD
   9.836s  best=snare err= 1773.9ms  BAD
  10.192s  best=snare err= 1418.4ms  BAD
  10.590s  best=snare err= 1019.6ms  BAD
  11.007s  best=snare err=  602.8ms  BAD
  11.359s  best=snare err=  250.8ms  BAD
  11.715s  best=drums err=   81.5ms  BAD
  12.047s  best=snare err=  213.6ms  BAD
  12.407s  best=kick  err=   77.0ms  BAD
  12.765s  best=drums err=  331.0ms  BAD
  13.121s  best=drums err=   24.5ms  OK 
  13.560s  best=kick  err=  394.3ms  BAD
  13.880s  best=kick  err=  144.6ms  BAD
  14.231s  best=snare err=  160.0ms  BAD
  14.574s  best=kick  err=   31.0ms  OK 
  14.994s  best=snare err=    5.9ms  OK 
  15.345s  best=drums err=  322.0ms  BAD
  15.682s  best=drums err=  658.5ms  BAD
  16.040s  best=kick  err=  957.2ms  BAD
  16.396s  best=kick  err=  601.5ms  BAD
  16.744s  best=kick  err=  253.0ms  BAD
  17.145s  best=kick  err=  147.7ms  BAD
  17.460s  best=kick  err=   47.8ms  OK 
  17.825s  best=kick  err=  317.0ms  BAD
  18.188s  best=kick  err=   85.9ms  BAD
  18.568s  best=snare err=   14.8ms  OK 
  18.953s  best=snare err=  249.8ms  BAD
  19.286s  best=kick  err=   13.4ms  OK 
  19.645s  best=snare err=   47.5ms  OK 
  20.011s  best=snare err=   18.3ms  OK 
  20.359s  best=kick  err=   18.7ms  OK 
  20.705s  best=kick  err=   39.6ms  OK 
  21.082s  best=kick  err=   94.9ms  BAD
  21.458s  best=kick  err=  136.3ms  BAD
  21.804s  best=kick  err=   24.0ms  OK 
  22.158s  best=snare err=   29.4ms  OK 
  22.551s  best=kick  err=   65.4ms  BAD
  22.883s  best=snare err=   81.0ms  BAD
  23.257s  best=kick  err=   14.0ms  OK 
  23.601s  best=snare err=    9.2ms  OK 
  24.005s  best=kick  err=  120.6ms  BAD
  24.343s  best=snare err=   31.8ms  OK 
  24.723s  best=kick  err=   40.1ms  OK 
  25.060s  best=kick  err=   28.9ms  OK 
  25.440s  best=kick  err=  176.7ms  BAD
  25.814s  best=kick  err=   62.6ms  BAD
  26.186s  best=kick  err=   40.8ms  OK 
  26.566s  best=drums err=   26.1ms  OK 
  27.092s  best=drums err=    5.9ms  OK 
  27.512s  best=kick  err=   50.1ms  BAD
  27.819s  best=kick  err=  114.9ms  BAD
  28.259s  best=kick  err=   92.6ms  BAD
  28.597s  best=kick  err=   79.3ms  BAD
  28.977s  best=kick  err=   71.5ms  BAD
  29.407s  best=snare err=  175.5ms  BAD
  29.786s  best=kick  err=   18.0ms  OK 
  30.183s  best=kick  err=   20.2ms  OK 
  30.520s  best=kick  err=    9.0ms  OK 
  30.880s  best=kick  err=   20.7ms  OK 
  31.257s  best=kick  err=    3.3ms  OK 
  31.643s  best=kick  err=   17.0ms  OK 
  32.010s  best=kick  err=   12.5ms  OK 
  32.382s  best=snare err=   13.6ms  OK 
  32.738s  best=kick  err=   44.3ms  OK 
  33.096s  best=snare err=   30.8ms  OK 
  33.448s  best=kick  err=   34.4ms  OK 
  33.834s  best=kick  err=   26.1ms  OK 
  34.166s  best=snare err=    9.1ms  OK 
  34.557s  best=kick  err=   28.9ms  OK 
  34.904s  best=kick  err=   27.5ms  OK 
  35.300s  best=kick  err=   28.4ms  OK 
  35.637s  best=kick  err=   40.7ms  OK 
  36.002s  best=kick  err=   34.1ms  OK 
  36.352s  best=kick  err=   10.7ms  OK 
  36.706s  best=kick  err=  167.2ms  BAD
  37.073s  best=kick  err=  149.0ms  BAD
  37.439s  best=kick  err=    8.2ms  OK 
  37.807s  best=kick  err=    5.3ms  OK 
  38.178s  best=kick  err=   27.6ms  OK 
  38.537s  best=kick  err=   15.5ms  OK 
  38.899s  best=snare err=   51.7ms  BAD
  39.283s  best=kick  err=   41.7ms  OK 
  39.652s  best=snare err=   15.4ms  OK 
  39.999s  best=snare err=   37.2ms  OK 
  40.365s  best=kick  err=   31.5ms  OK 
  40.720s  best=kick  err=    7.8ms  OK 
  41.097s  best=kick  err=   20.9ms  OK 
  41.444s  best=snare err=   19.4ms  OK 
  41.817s  best=kick  err=   21.1ms  OK 
  42.171s  best=kick  err=    3.4ms  OK 
  42.499s  best=snare err=  133.1ms  BAD
  42.860s  best=kick  err=  166.1ms  BAD
  43.240s  best=snare err=   51.1ms  BAD
  43.611s  best=snare err=   49.9ms  OK 
  43.992s  best=snare err=   13.7ms  OK 
  44.343s  best=kick  err=    6.6ms  OK 
  44.714s  best=kick  err=   15.4ms  OK 

總計：59/109 個 click 落在 50ms 容差內（5.0s-45.0s）
