phase_reconciliation 總決策數: 85
其中 forced_44_interpolation_weak_evidence（階段 B）: 73
覆蓋範圍: 8.041s - 170.684s

逐筆原始間隔（拍）:
  anchor=   8.041s next_anchor=   9.836s span_beats= 4.922 interpolated=   9.482s reason=forced_44_interpolation_weak_evidence
  anchor=   9.482s next_anchor=  11.359s span_beats= 5.147 interpolated=  11.007s reason=forced_44_interpolation_weak_evidence
  anchor=  22.883s next_anchor=  24.723s span_beats= 5.045 interpolated=  24.343s reason=forced_44_interpolation_weak_evidence
  anchor=  24.343s next_anchor=  26.186s span_beats= 5.055 interpolated=  25.814s reason=forced_44_interpolation_weak_evidence
  anchor=  25.814s next_anchor=  27.819s span_beats= 5.499 interpolated=  27.092s reason=forced_44_interpolation_weak_evidence
  anchor=  27.092s next_anchor=  29.407s span_beats= 6.348 interpolated=  28.597s reason=forced_44_interpolation_weak_evidence
  anchor=  28.597s next_anchor=  30.880s span_beats= 6.259 interpolated=  30.183s reason=forced_44_interpolation_weak_evidence
  anchor=  30.183s next_anchor=  32.382s span_beats= 6.031 interpolated=  31.643s reason=forced_44_interpolation_weak_evidence
  anchor=  31.643s next_anchor=  33.834s span_beats= 6.010 interpolated=  33.096s reason=forced_44_interpolation_weak_evidence
  anchor=  33.096s next_anchor=  35.300s span_beats= 6.042 interpolated=  34.557s reason=forced_44_interpolation_weak_evidence
  anchor=  34.557s next_anchor=  37.073s span_beats= 6.898 interpolated=  36.002s reason=forced_44_interpolation_weak_evidence
  anchor=  36.002s next_anchor=  38.537s span_beats= 6.953 interpolated=  37.439s reason=forced_44_interpolation_weak_evidence
  anchor=  37.439s next_anchor=  39.999s span_beats= 7.020 interpolated=  38.899s reason=forced_44_interpolation_weak_evidence
  anchor=  38.899s next_anchor=  41.444s span_beats= 6.979 interpolated=  40.365s reason=forced_44_interpolation_weak_evidence
  anchor=  40.365s next_anchor=  42.860s span_beats= 6.844 interpolated=  41.817s reason=forced_44_interpolation_weak_evidence
  anchor=  41.817s next_anchor=  44.343s span_beats= 6.928 interpolated=  43.240s reason=forced_44_interpolation_weak_evidence
  anchor=  43.240s next_anchor=  45.796s span_beats= 7.008 interpolated=  44.714s reason=forced_44_interpolation_weak_evidence
  anchor=  44.714s next_anchor=  47.278s span_beats= 7.032 interpolated=  46.183s reason=forced_44_interpolation_weak_evidence
  anchor=  46.183s next_anchor=  48.684s span_beats= 6.859 interpolated=  47.632s reason=forced_44_interpolation_weak_evidence
  anchor=  47.632s next_anchor=  50.193s span_beats= 7.022 interpolated=  49.074s reason=forced_44_interpolation_weak_evidence
  anchor=  49.074s next_anchor=  51.632s span_beats= 7.016 interpolated=  50.550s reason=forced_44_interpolation_weak_evidence
  anchor=  50.550s next_anchor=  53.085s span_beats= 6.950 interpolated=  52.005s reason=forced_44_interpolation_weak_evidence
  anchor=  77.803s next_anchor=  80.020s span_beats= 6.080 interpolated=  79.266s reason=forced_44_interpolation_weak_evidence
  anchor=  79.266s next_anchor=  82.187s span_beats= 8.009 interpolated=  80.710s reason=forced_44_interpolation_weak_evidence
  anchor=  93.802s next_anchor=  95.650s span_beats= 5.070 interpolated=  95.256s reason=forced_44_interpolation_weak_evidence
  anchor=  95.256s next_anchor=  97.197s span_beats= 5.324 interpolated=  96.838s reason=forced_44_interpolation_weak_evidence
  anchor=  96.838s next_anchor=  99.317s span_beats= 6.800 interpolated=  98.439s reason=forced_44_interpolation_weak_evidence
  anchor=  98.439s next_anchor= 101.020s span_beats= 7.077 interpolated=  99.740s reason=forced_44_interpolation_weak_evidence
  anchor=  99.740s next_anchor= 102.690s span_beats= 8.091 interpolated= 101.020s reason=forced_44_interpolation_weak_evidence
  anchor= 101.020s next_anchor= 102.690s span_beats= 4.581 interpolated= 102.226s reason=forced_44_interpolation_weak_evidence
  anchor= 102.226s next_anchor= 104.313s span_beats= 5.724 interpolated= 103.572s reason=forced_44_interpolation_weak_evidence
  anchor= 103.572s next_anchor= 105.813s span_beats= 6.144 interpolated= 105.076s reason=forced_44_interpolation_weak_evidence
  anchor= 105.076s next_anchor= 107.240s span_beats= 5.933 interpolated= 106.520s reason=forced_44_interpolation_weak_evidence
  anchor= 106.520s next_anchor= 108.652s span_beats= 5.846 interpolated= 107.973s reason=forced_44_interpolation_weak_evidence
  anchor= 107.973s next_anchor= 110.936s span_beats= 8.125 interpolated= 109.460s reason=forced_44_interpolation_weak_evidence
  anchor= 115.250s next_anchor= 116.780s span_beats= 4.196 interpolated= 116.708s reason=forced_44_interpolation_weak_evidence_synthetic
  anchor= 116.780s next_anchor= 118.460s span_beats= 4.607 interpolated= 118.037s reason=forced_44_interpolation_weak_evidence
  anchor= 118.037s next_anchor= 120.024s span_beats= 5.449 interpolated= 119.649s reason=forced_44_interpolation_weak_evidence
  anchor= 119.649s next_anchor= 121.464s span_beats= 4.976 interpolated= 121.099s reason=forced_44_interpolation_weak_evidence
  anchor= 121.099s next_anchor= 122.902s span_beats= 4.944 interpolated= 122.536s reason=forced_44_interpolation_weak_evidence
  anchor= 122.536s next_anchor= 124.321s span_beats= 4.894 interpolated= 123.960s reason=forced_44_interpolation_weak_evidence
  anchor= 123.960s next_anchor= 125.820s span_beats= 5.101 interpolated= 125.450s reason=forced_44_interpolation_weak_evidence
  anchor= 125.450s next_anchor= 127.266s span_beats= 4.981 interpolated= 126.909s reason=forced_44_interpolation_weak_evidence
  anchor= 126.909s next_anchor= 128.714s span_beats= 4.950 interpolated= 128.367s reason=forced_44_interpolation_weak_evidence
  anchor= 128.367s next_anchor= 130.179s span_beats= 4.970 interpolated= 129.823s reason=forced_44_interpolation_weak_evidence
  anchor= 129.823s next_anchor= 131.612s span_beats= 4.905 interpolated= 131.273s reason=forced_44_interpolation_weak_evidence
  anchor= 131.273s next_anchor= 133.082s span_beats= 4.961 interpolated= 132.729s reason=forced_44_interpolation_weak_evidence
  anchor= 132.729s next_anchor= 134.544s span_beats= 4.976 interpolated= 134.198s reason=forced_44_interpolation_weak_evidence
  anchor= 134.198s next_anchor= 135.994s span_beats= 4.924 interpolated= 135.663s reason=forced_44_interpolation_weak_evidence
  anchor= 135.663s next_anchor= 137.466s span_beats= 4.944 interpolated= 137.097s reason=forced_44_interpolation_weak_evidence
  anchor= 137.097s next_anchor= 138.910s span_beats= 4.970 interpolated= 138.546s reason=forced_44_interpolation_weak_evidence
  anchor= 138.546s next_anchor= 140.373s span_beats= 5.008 interpolated= 140.000s reason=forced_44_interpolation_weak_evidence
  anchor= 140.000s next_anchor= 141.824s span_beats= 5.003 interpolated= 141.448s reason=forced_44_interpolation_weak_evidence
  anchor= 141.448s next_anchor= 143.285s span_beats= 5.038 interpolated= 142.911s reason=forced_44_interpolation_weak_evidence
  anchor= 142.911s next_anchor= 144.713s span_beats= 4.941 interpolated= 144.355s reason=forced_44_interpolation_weak_evidence
  anchor= 144.355s next_anchor= 146.173s span_beats= 4.985 interpolated= 145.822s reason=forced_44_interpolation_weak_evidence
  anchor= 145.822s next_anchor= 147.620s span_beats= 4.931 interpolated= 147.268s reason=forced_44_interpolation_weak_evidence
  anchor= 147.268s next_anchor= 149.046s span_beats= 4.876 interpolated= 148.675s reason=forced_44_interpolation_weak_evidence
  anchor= 148.675s next_anchor= 150.540s span_beats= 5.115 interpolated= 150.180s reason=forced_44_interpolation_weak_evidence
  anchor= 150.180s next_anchor= 152.023s span_beats= 5.053 interpolated= 151.663s reason=forced_44_interpolation_weak_evidence
  anchor= 151.663s next_anchor= 153.467s span_beats= 4.946 interpolated= 153.089s reason=forced_44_interpolation_weak_evidence
  anchor= 153.089s next_anchor= 155.637s span_beats= 6.987 interpolated= 154.549s reason=forced_44_interpolation_weak_evidence
  anchor= 154.549s next_anchor= 157.164s span_beats= 7.172 interpolated= 155.996s reason=forced_44_interpolation_weak_evidence
  anchor= 155.996s next_anchor= 158.780s span_beats= 7.633 interpolated= 157.554s reason=forced_44_interpolation_weak_evidence
  anchor= 157.554s next_anchor= 160.430s span_beats= 7.887 interpolated= 159.221s reason=forced_44_interpolation_weak_evidence
  anchor= 159.221s next_anchor= 161.850s span_beats= 7.211 interpolated= 160.806s reason=forced_44_interpolation_weak_evidence
  anchor= 160.806s next_anchor= 163.344s span_beats= 6.958 interpolated= 162.265s reason=forced_44_interpolation_weak_evidence
  anchor= 162.265s next_anchor= 164.771s span_beats= 6.873 interpolated= 163.676s reason=forced_44_interpolation_weak_evidence
  anchor= 163.676s next_anchor= 166.200s span_beats= 6.920 interpolated= 165.106s reason=forced_44_interpolation_weak_evidence
  anchor= 165.106s next_anchor= 167.580s span_beats= 6.785 interpolated= 166.580s reason=forced_44_interpolation_weak_evidence
  anchor= 166.580s next_anchor= 168.949s span_beats= 6.496 interpolated= 167.934s reason=forced_44_interpolation_weak_evidence
  anchor= 167.934s next_anchor= 170.261s span_beats= 6.381 interpolated= 169.322s reason=forced_44_interpolation_weak_evidence
  anchor= 169.322s next_anchor= 171.737s span_beats= 6.621 interpolated= 170.684s reason=forced_44_interpolation_weak_evidence
